parse_eval: unspecified
zero
printing environment
0	->	zero
nil	->	
parse_eval: unspecified
parse_eval: unspecified
printing environment
list	->	(lambda x x)
0	->	zero
nil	->	
parse_eval: unspecified
parse_eval: unspecified
printing environment
list	->	(lambda x x)
0	->	(list second zero)
nil	->	
parse_eval: unspecified
parse_eval: unspecified
parse_eval: unspecified
printing environment
1	->	a
list	->	(lambda x x)
0	->	(second zero)
nil	->	
parse_eval: unspecified
parse_eval: unspecified
(second zero)
(second zero)
printing environment
1	->	(second zero)
list	->	(lambda x x)
0	->	(second zero)
nil	->	
parse_eval: unspecified
