parse_eval: unspecified
parse_eval: unspecified
yes
