parse_eval: unspecified
parse_eval: unspecified
zero
zero
zero
zero
zero
