parse_eval: unspecified
zero
parse_eval: unspecified
one
zero
parse_eval: unspecified
one
parse_eval: unspecified
one
a
