a
b
hi there
(quote hi)
(lambda (x) hi)
nil
((lambda (x) x) (quote y))
