parse_eval: unspecified
parse_eval: unspecified
parse_eval: unspecified
parse_eval: unspecified
hi
hi
hi
(hi)
(hi)
(hi)
(hi)
((hi))
((hi))
((hi))
((hi))
(((hi)))
(((hi)))
(((hi)))
((((hi))))
((((hi))))
