parse_eval: unspecified
parse_eval: unspecified
parse_eval: unspecified
(lambda () (lambda () a))
(lambda () a)
(lambda () a)
